'LeanMath.Papers.RectangleProjective.positive_terms' depends on axioms: [propext, Classical.choice, Quot.sound]
'LeanMath.Papers.RectangleProjective.step_pos' depends on axioms: [propext, Classical.choice, Quot.sound]
'LeanMath.Papers.RectangleProjective.numerator_difference' depends on axioms: [propext, Classical.choice, Quot.sound]
'LeanMath.Papers.RectangleProjective.step_one' depends on axioms: [propext, Classical.choice, Quot.sound]
'LeanMath.Papers.RectangleProjective.hasDerivAt_step' depends on axioms: [propext, Classical.choice, Quot.sound]
'LeanMath.Papers.RectangleProjective.step_continuous' depends on axioms: [propext, Classical.choice, Quot.sound]
'LeanMath.Papers.RectangleProjective.unit_bound' depends on axioms: [propext, Classical.choice, Quot.sound]
'LeanMath.Papers.RectangleProjective.unit_increases' depends on axioms: [propext, Classical.choice, Quot.sound]
'LeanMath.Papers.RectangleProjective.unit_global' depends on axioms: [propext, Classical.choice, Quot.sound]
'LeanMath.Papers.RectangleProjective.step_scale' depends on axioms: [propext, Classical.choice, Quot.sound]
'LeanMath.Papers.RectangleProjective.global_with_root' depends on axioms: [propext, Classical.choice, Quot.sound]
'LeanMath.Papers.RectangleProjective.global_convergence' depends on axioms: [propext, Classical.choice, Quot.sound]
'LeanMath.Papers.RectangleProjective.order_four' depends on axioms: [propext, Classical.choice, Quot.sound]
'LeanMath.Papers.RectangleProjective.relative_order_four' depends on axioms: [propext, Classical.choice, Quot.sound]
'LeanMath.Papers.RectangleProjective.order_coefficient_negative' depends on axioms: [propext,
 Classical.choice,
 Quot.sound]
'LeanMath.Papers.RectangleProjective.D_on_ell' depends on axioms: [propext, Classical.choice, Quot.sound]
'LeanMath.Papers.RectangleProjective.D_on_ZE' depends on axioms: [propext, Classical.choice, Quot.sound]
'LeanMath.Papers.RectangleProjective.projection_det' depends on axioms: [propext, Classical.choice, Quot.sound]
'LeanMath.Papers.RectangleProjective.projection_unique' depends on axioms: [propext, Classical.choice, Quot.sound]
'LeanMath.Papers.RectangleProjective.D_on_support' depends on axioms: [propext, Classical.choice, Quot.sound]
'LeanMath.Papers.RectangleProjective.support_gap' depends on axioms: [propext, Classical.choice, Quot.sound]
'LeanMath.Papers.RectangleProjective.report_formula' depends on axioms: [propext, Classical.choice, Quot.sound]
'LeanMath.Papers.RectangleProjective.geometric_readout' depends on axioms: [propext, Classical.choice, Quot.sound]
'LeanMath.Papers.RectangleProjective.coordinates_over' depends on axioms: [propext, Classical.choice, Quot.sound]
'LeanMath.Papers.RectangleProjective.example_center' depends on axioms: [propext, Classical.choice, Quot.sound]
'LeanMath.Papers.RectangleProjective.example_D' depends on axioms: [propext, Classical.choice, Quot.sound]
'LeanMath.Papers.RectangleProjective.example_step' depends on axioms: [propext, Classical.choice, Quot.sound]
'LeanMath.Papers.RectangleProjective.D_right_of_A' depends on axioms: [propext, Classical.choice, Quot.sound]
'LeanMath.Papers.RectangleProjective.join_support_equiv' depends on axioms: [propext, Classical.choice, Quot.sound]
'LeanMath.Papers.RectangleProjective.construction_readout' depends on axioms: [propext, Classical.choice, Quot.sound]
'LeanMath.Papers.RectangleProjective.construction_exists' depends on axioms: [propext, Classical.choice, Quot.sound]
'LeanMath.Papers.RectangleProjective.inverse_correction' depends on axioms: [propext, Classical.choice, Quot.sound]
'LeanMath.Papers.RectangleProjective.pade_certificate' depends on axioms: [propext, Classical.choice, Quot.sound]
'LeanMath.Papers.RectangleProjective.homography_jet_unique' depends on axioms: [propext, Classical.choice, Quot.sound]
'LeanMath.Papers.RectangleProjective.bound_with_root' depends on axioms: [propext, Classical.choice, Quot.sound]
'LeanMath.Papers.RectanglePencils.hub_on_top' depends on axioms: [propext, Classical.choice, Quot.sound]
'LeanMath.Papers.RectanglePencils.left_on_axis' depends on axioms: [propext, Classical.choice, Quot.sound]
'LeanMath.Papers.RectanglePencils.right_on_axis' depends on axioms: [propext, Classical.choice, Quot.sound]
'LeanMath.Papers.RectanglePencils.multiply_incidence' depends on axioms: [propext, Classical.choice, Quot.sound]
'LeanMath.Papers.RectanglePencils.multiply_det' depends on axioms: [propext, Classical.choice, Quot.sound]
'LeanMath.Papers.RectanglePencils.multiply_unique' depends on axioms: [propext, Classical.choice, Quot.sound]
'LeanMath.Papers.RectanglePencils.divide_incidence' depends on axioms: [propext, Classical.choice, Quot.sound]
'LeanMath.Papers.RectanglePencils.divide_unique' depends on axioms: [propext, Classical.choice, Quot.sound]
'LeanMath.Papers.RectanglePencils.chain_start' depends on axioms: [propext, Classical.choice, Quot.sound]
'LeanMath.Papers.RectanglePencils.chain_step' depends on axioms: [propext, Classical.choice, Quot.sound]
'LeanMath.Papers.RectanglePencils.chain_unscale' depends on axioms: [propext, Classical.choice, Quot.sound]
'LeanMath.Papers.RectanglePencils.chain_center' depends on axioms: [propext, Classical.choice, Quot.sound]
'LeanMath.Papers.RectanglePencils.projector_incidence' depends on axioms: [propext, Classical.choice, Quot.sound]
'LeanMath.Papers.RectanglePencils.projector_gap' depends on axioms: [propext, Classical.choice, Quot.sound]
'LeanMath.Papers.RectanglePencils.projector_unique' depends on axioms: [propext, Classical.choice, Quot.sound]
'LeanMath.Papers.RectanglePencils.four_join_readout' depends on axioms: [propext, Classical.choice, Quot.sound]
'LeanMath.Papers.RectanglePencils.halley_factor_formula' depends on axioms: [propext, Classical.choice, Quot.sound]
'LeanMath.Papers.RectanglePencils.halley_center_a' depends on axioms: [propext, Classical.choice, Quot.sound]
'LeanMath.Papers.RectanglePencils.halley_center_b' depends on axioms: [propext, Classical.choice, Quot.sound]
'LeanMath.Papers.RectanglePencils.halley_root_factors' depends on axioms: [propext, Classical.choice, Quot.sound]
'LeanMath.Papers.RectanglePencils.halley_global' depends on axioms: [propext, Classical.choice, Quot.sound]
'LeanMath.Papers.RectanglePencils.example_q' depends on axioms: [propext, Classical.choice, Quot.sound]
'LeanMath.Papers.RectanglePencils.example_Za' depends on axioms: [propext, Classical.choice, Quot.sound]
'LeanMath.Papers.RectanglePencils.example_Zb' depends on axioms: [propext, Classical.choice, Quot.sound]
'LeanMath.Papers.RectanglePencils.example_readout' depends on axioms: [propext, Classical.choice, Quot.sound]
'LeanMath.Papers.RectanglePencils.projectors_over' depends on axioms: [propext, Classical.choice, Quot.sound]
'LeanMath.Papers.RectanglePencils.chain_center_unique' depends on axioms: [propext, Classical.choice, Quot.sound]
'LeanMath.Papers.RectanglePencils.chain_cycle' depends on axioms: [propext, Classical.choice, Quot.sound]
'LeanMath.Papers.RectanglePencils.halley_construction_readout' depends on axioms: [propext,
 Classical.choice,
 Quot.sound]
'LeanMath.Papers.RectanglePencils.initial_chart_failure' depends on axioms: [propext, Classical.choice, Quot.sound]
'LeanMath.Papers.RectanglePencils.example_correction_chart_failure' depends on axioms: [propext,
 Classical.choice,
 Quot.sound]
'LeanMath.Papers.RectanglePencils.halley_relative_order_three' depends on axioms: [propext,
 Classical.choice,
 Quot.sound]
'LeanMath.Papers.RectanglePencilsPade.coeff_pos' depends on axioms: [propext, Classical.choice, Quot.sound]
'LeanMath.Papers.RectanglePencilsPade.terms_pos' depends on axioms: [propext, Classical.choice, Quot.sound]
'LeanMath.Papers.RectanglePencilsPade.step_pos' depends on axioms: [propext, Classical.choice, Quot.sound]
'LeanMath.Papers.RectanglePencilsPade.difference' depends on axioms: [propext, Classical.choice, Quot.sound]
'LeanMath.Papers.RectanglePencilsPade.one' depends on axioms: [propext, Classical.choice, Quot.sound]
'LeanMath.Papers.RectanglePencilsPade.hasDerivAt_step' depends on axioms: [propext, Classical.choice, Quot.sound]
'LeanMath.Papers.RectanglePencilsPade.continuousAt_step' depends on axioms: [propext, Classical.choice, Quot.sound]
'LeanMath.Papers.RectanglePencilsPade.monotone_positive' depends on axioms: [propext, Classical.choice, Quot.sound]
'LeanMath.Papers.RectanglePencilsPade.unit_moves' depends on axioms: [propext, Classical.choice, Quot.sound]
'LeanMath.Papers.RectanglePencilsPade.unit_global' depends on axioms: [propext, Classical.choice, Quot.sound]
'LeanMath.Papers.RectanglePencilsPade.scale_step' depends on axioms: [propext, Classical.choice, Quot.sound]
'LeanMath.Papers.RectanglePencilsPade.global_with_root' depends on axioms: [propext, Classical.choice, Quot.sound]
'LeanMath.Papers.RectanglePencilsPade.global_convergence' depends on axioms: [propext, Classical.choice, Quot.sound]
'LeanMath.Papers.RectanglePencilsPade.order_five' depends on axioms: [propext, Classical.choice, Quot.sound]
'LeanMath.Papers.RectanglePencilsPade.relative_order_five' depends on axioms: [propext, Classical.choice, Quot.sound]
'LeanMath.Papers.RectanglePencilsPade.order_coefficient_pos' depends on axioms: [propext, Classical.choice, Quot.sound]
'LeanMath.Papers.RectanglePencilsPade.disc_formula' depends on axioms: [propext, Classical.choice, Quot.sound]
'LeanMath.Papers.RectanglePencilsPade.disc_pos' depends on axioms: [propext, Classical.choice, Quot.sound]
'LeanMath.Papers.RectanglePencilsPade.roots_pos' depends on axioms: [propext, Classical.choice, Quot.sound]
'LeanMath.Papers.RectanglePencilsPade.roots_sum_product' depends on axioms: [propext, Classical.choice, Quot.sound]
'LeanMath.Papers.RectanglePencilsPade.factorization' depends on axioms: [propext, Classical.choice, Quot.sound]
'LeanMath.Papers.RectanglePencilsPade.normalized_factor' depends on axioms: [propext, Classical.choice, Quot.sound]
'LeanMath.Papers.RectanglePencilsPade.pair_ratio' depends on axioms: [propext, Classical.choice, Quot.sound]
'LeanMath.Papers.RectanglePencilsPade.two_factor_formula' depends on axioms: [propext, Classical.choice, Quot.sound]
'LeanMath.Papers.RectanglePencilsPade.roots_constructible' depends on axioms: [propext, Classical.choice, Quot.sound]
'LeanMath.Papers.RectanglePencilsPade.factor_projectors_constructible' depends on axioms: [propext,
 Classical.choice,
 Quot.sound]
'LeanMath.Papers.RectangleStereographic.denominator_pos' depends on axioms: [propext, Classical.choice, Quot.sound]
'LeanMath.Papers.RectangleStereographic.on_circle' depends on axioms: [propext, Classical.choice, Quot.sound]
'LeanMath.Papers.RectangleStereographic.north' depends on axioms: [propext, Classical.choice, Quot.sound]
'LeanMath.Papers.RectangleStereographic.affine' depends on axioms: [propext, Classical.choice, Quot.sound]
'LeanMath.Papers.RectangleStereographic.scale_invariant' depends on axioms: [propext, Classical.choice, Quot.sound]
'LeanMath.Papers.RectangleStereographic.on_sphere' depends on axioms: [propext, Classical.choice, Quot.sound]
'LeanMath.Papers.RectangleStereographic.multiply_horizontal' depends on axioms: [propext, Classical.choice, Quot.sound]
'LeanMath.Papers.RectangleStereographic.divide_horizontal' depends on axioms: [propext, Classical.choice, Quot.sound]
'LeanMath.Papers.RectangleFixedCircle.at_one' depends on axioms: [propext, Classical.choice, Quot.sound]
'LeanMath.Papers.RectangleFixedCircle.discriminant' depends on axioms: [propext, Classical.choice, Quot.sound]
'LeanMath.Papers.RectangleFixedCircle.reciprocity' depends on axioms: [propext, Classical.choice, Quot.sound]
'LeanMath.Papers.RectangleFixedCircle.derivative_certificate' depends on axioms: [propext, Classical.choice, Quot.sound]
'LeanMath.Papers.RectangleFixedCircle.positive_quadratics' depends on axioms: [propext, Classical.choice, Quot.sound]
'LeanMath.Papers.RectangleFixedCircle.branch_left' depends on axioms: [propext, Classical.choice, Quot.sound]
'LeanMath.Papers.RectangleFixedCircle.branch_right' depends on axioms: [propext, Classical.choice, Quot.sound]
'LeanMath.Papers.RectangleFixedCircle.sqrt_branch_left' depends on axioms: [propext, Classical.choice, Quot.sound]
'LeanMath.Papers.RectangleFixedCircle.sqrt_branch_right' depends on axioms: [propext, Classical.choice, Quot.sound]
'LeanMath.Papers.RectangleFixedCircle.second_degree_exact' depends on axioms: [propext, Classical.choice, Quot.sound]
'LeanMath.Papers.RectangleFixedCircle.circle_incidence' depends on axioms: [propext, Classical.choice, Quot.sound]
'LeanMath.Papers.RectangleFixedCircle.pencil_incidence' depends on axioms: [propext, Classical.choice, Quot.sound]
'LeanMath.Papers.RectangleFixedCircle.projection_incidence' depends on axioms: [propext, Classical.choice, Quot.sound]
'LeanMath.Papers.RectangleFixedCircle.cubic_geometry_certificate' depends on axioms: [propext,
 Classical.choice,
 Quot.sound]
'LeanMath.Papers.RectangleFixedCircle.general_geometry_certificate' depends on axioms: [propext,
 Classical.choice,
 Quot.sound]
'LeanMath.Papers.RectangleFixedCircle.fourth_geometry_certificate' depends on axioms: [propext,
 Classical.choice,
 Quot.sound]
'LeanMath.Papers.RectangleFixedCircle.input_zero' depends on axioms: [propext, Classical.choice, Quot.sound]
'LeanMath.Papers.RectangleFixedCircle.input_derivative' depends on axioms: [propext, Classical.choice, Quot.sound]
'LeanMath.Papers.RectangleFixedCircle.input_derivative_zero' depends on axioms: [propext, Classical.choice, Quot.sound]
'LeanMath.Papers.RectangleFixedCircle.output_derivative' depends on axioms: [propext, Classical.choice, Quot.sound]
'LeanMath.Papers.RectangleFixedCircle.output_contact_five' depends on axioms: [propext, Classical.choice, Quot.sound]
'LeanMath.Papers.RectangleFixedCircle.logarithmic_order_five' depends on axioms: [propext, Classical.choice, Quot.sound]
'LeanMath.Papers.RectangleFixedCircle.top_readout_incidence' depends on axioms: [propext, Classical.choice, Quot.sound]
'LeanMath.Papers.RectangleFixedCircle.top_is_hub' depends on axioms: [propext, Classical.choice, Quot.sound]
'LeanMath.Papers.RectangleFixedCircle.final_readout' depends on axioms: [propext, Classical.choice, Quot.sound]
'LeanMath.Papers.RectangleFixedCircle.weighted_chain' depends on axioms: [propext, Classical.choice, Quot.sound]
'LeanMath.Papers.RectangleFixedCircle.positive_preparation_scale' depends on axioms: [propext,
 Classical.choice,
 Quot.sound]
'LeanMath.Papers.RectangleFixedCircle.rational_preparation' depends on axioms: [propext, Classical.choice, Quot.sound]
'LeanMath.Papers.RectangleFixedCircleStereo.on_sphere' depends on axioms: [propext, Classical.choice, Quot.sound]
'LeanMath.Papers.RectangleFixedCircleStereo.line_plane_identity' depends on axioms: [propext,
 Classical.choice,
 Quot.sound]
'LeanMath.Papers.RectangleFixedCircleStereo.line_image' depends on axioms: [propext, Classical.choice, Quot.sound]
'LeanMath.Papers.RectangleFixedCircleStereo.circle_plane_identity' depends on axioms: [propext,
 Classical.choice,
 Quot.sound]
'LeanMath.Papers.RectangleFixedCircleStereo.circle_image' depends on axioms: [propext, Classical.choice, Quot.sound]
'LeanMath.Papers.RectangleFixedCircleStereo.north_excluded_from_circle_plane' depends on axioms: [propext,
 Classical.choice,
 Quot.sound]
'LeanMath.Papers.RectangleFixedCircleStereo.all_directions_at_north' depends on axioms: [propext,
 Classical.choice,
 Quot.sound]
'LeanMath.Papers.RectangleFixedCircleStereo.homogeneous_scale' depends on axioms: [propext,
 Classical.choice,
 Quot.sound]
'LeanMath.Papers.RectangleFixedCircleStereo.similarity_circle_identity' depends on axioms: [propext,
 Classical.choice,
 Quot.sound]
'LeanMath.Papers.RectangleFixedCircleStereo.finite_inverse' depends on axioms: [propext, Classical.choice, Quot.sound]
'LeanMath.Papers.RectangleDecenteredArc.rad_one' depends on axioms: [propext, Classical.choice, Quot.sound]
'LeanMath.Papers.RectangleDecenteredArc.reciprocal_radicand' depends on axioms: [propext, Classical.choice, Quot.sound]
'LeanMath.Papers.RectangleDecenteredArc.square_certificate' depends on axioms: [propext, Classical.choice, Quot.sound]
'LeanMath.Papers.RectangleDecenteredArc.sign_decomposition' depends on axioms: [propext, Classical.choice, Quot.sound]
'LeanMath.Papers.RectangleDecenteredArc.derivative_numerator' depends on axioms: [propext, Classical.choice, Quot.sound]
'LeanMath.Papers.RectangleDecenteredArc.circle_height' depends on axioms: [propext, Classical.choice, Quot.sound]
'LeanMath.Papers.RectangleDecenteredArc.report_identity' depends on axioms: [propext, Classical.choice, Quot.sound]
'LeanMath.Papers.RectangleDecenteredArc.correction_direction' depends on axioms: [propext, Classical.choice, Quot.sound]
'LeanMath.Papers.RectangleDecenteredArc.reciprocal_correction' depends on axioms: [propext,
 Classical.choice,
 Quot.sound]
'LeanMath.Papers.RectangleDecenteredArc.cubic_error_coefficient' depends on axioms: [propext,
 Classical.choice,
 Quot.sound]
