
Note: No compatibility mode selected!


Circuit: fast ad centered state behavioral p5

Doing analysis at TEMP = 27.000000 and TNOM = 27.000000

Using SPARSE 1.3 as Direct Linear Solver
Operating point simulation skipped by 'uic',
  now using transient initial conditions.
 Reference value :  2.23177e-03
 Reference value :  3.98836e-03
 Reference value :  5.79008e-03
 Reference value :  7.45217e-03
 Reference value :  9.02384e-03
 Reference value :  1.04404e-02
 Reference value :  1.17529e-02
 Reference value :  1.29700e-02
 Reference value :  1.41900e-02
 Reference value :  1.54594e-02
 Reference value :  1.66788e-02
 Reference value :  1.79700e-02
 Reference value :  1.91189e-02
 Reference value :  2.04279e-02
 Reference value :  2.18000e-02
 Reference value :  2.29282e-02
No. of Data Rows : 102600
ngspice-46 done
