
Note: No compatibility mode selected!


Circuit: fast ad centered state behavioral p5

Doing analysis at TEMP = 27.000000 and TNOM = 27.000000

Using SPARSE 1.3 as Direct Linear Solver
Operating point simulation skipped by 'uic',
  now using transient initial conditions.
 Reference value :  7.05835e-05
 Reference value :  2.02078e-04
 Reference value :  3.30440e-04
 Reference value :  4.74929e-04
 Reference value :  6.30150e-04
 Reference value :  7.70527e-04
 Reference value :  8.65859e-04
 Reference value :  1.25562e-03
 Reference value :  1.74070e-03
 Reference value :  2.11000e-03
 Reference value :  2.30072e-03
 Reference value :  2.49195e-03
 Reference value :  2.66174e-03
 Reference value :  2.83334e-03
 Reference value :  2.98333e-03
 Reference value :  3.13520e-03
 Reference value :  3.28213e-03
 Reference value :  3.41562e-03
 Reference value :  3.55001e-03
 Reference value :  3.69475e-03
 Reference value :  3.86935e-03
 Reference value :  4.04829e-03
 Reference value :  4.19139e-03
 Reference value :  4.37087e-03
 Reference value :  4.54101e-03
 Reference value :  4.69737e-03
 Reference value :  4.84022e-03
 Reference value :  4.98291e-03
 Reference value :  5.13182e-03
 Reference value :  5.29065e-03
 Reference value :  5.47055e-03
 Reference value :  5.63151e-03
 Reference value :  5.77861e-03
 Reference value :  5.95920e-03
 Reference value :  6.11695e-03
 Reference value :  6.27745e-03
 Reference value :  6.46080e-03
 Reference value :  6.64355e-03
 Reference value :  6.83215e-03
 Reference value :  7.01446e-03
 Reference value :  7.17357e-03
 Reference value :  7.34172e-03
 Reference value :  7.52607e-03
 Reference value :  7.66065e-03
 Reference value :  7.79854e-03
 Reference value :  7.94000e-03
 Reference value :  8.09133e-03
 Reference value :  8.23003e-03
 Reference value :  8.39325e-03
 Reference value :  8.56203e-03
 Reference value :  8.71394e-03
 Reference value :  8.86276e-03
 Reference value :  9.06033e-03
 Reference value :  9.22168e-03
 Reference value :  9.40104e-03
 Reference value :  9.57001e-03
 Reference value :  9.74747e-03
 Reference value :  9.95001e-03
 Reference value :  1.01100e-02
 Reference value :  1.02927e-02
 Reference value :  1.04500e-02
 Reference value :  1.06116e-02
 Reference value :  1.07723e-02
 Reference value :  1.09204e-02
 Reference value :  1.10902e-02
 Reference value :  1.12725e-02
 Reference value :  1.14307e-02
 Reference value :  1.15795e-02
 Reference value :  1.17702e-02
 Reference value :  1.19328e-02
 Reference value :  1.21110e-02
 Reference value :  1.22952e-02
 Reference value :  1.24422e-02
 Reference value :  1.26154e-02
 Reference value :  1.27719e-02
 Reference value :  1.29200e-02
 Reference value :  1.30800e-02
 Reference value :  1.32600e-02
 Reference value :  1.34321e-02
 Reference value :  1.36200e-02
 Reference value :  1.37904e-02
 Reference value :  1.39700e-02
 Reference value :  1.41451e-02
 Reference value :  1.43235e-02
 Reference value :  1.45130e-02
 Reference value :  1.47302e-02
 Reference value :  1.49304e-02
 Reference value :  1.50964e-02
 Reference value :  1.52615e-02
 Reference value :  1.54056e-02
 Reference value :  1.55451e-02
 Reference value :  1.57000e-02
 Reference value :  1.58410e-02
 Reference value :  1.59900e-02
 Reference value :  1.61532e-02
 Reference value :  1.63500e-02
 Reference value :  1.65308e-02
 Reference value :  1.66920e-02
 Reference value :  1.69173e-02
 Reference value :  1.70974e-02
 Reference value :  1.72815e-02
 Reference value :  1.74700e-02
 Reference value :  1.76513e-02
 Reference value :  1.78262e-02
 Reference value :  1.80339e-02
 Reference value :  1.82237e-02
 Reference value :  1.84337e-02
 Reference value :  1.86400e-02
 Reference value :  1.88414e-02
 Reference value :  1.90720e-02
 Reference value :  1.92717e-02
 Reference value :  1.94795e-02
 Reference value :  1.97000e-02
 Reference value :  1.98945e-02
 Reference value :  2.00882e-02
 Reference value :  2.03022e-02
 Reference value :  2.05015e-02
 Reference value :  2.07275e-02
 Reference value :  2.09239e-02
 Reference value :  2.11614e-02
 Reference value :  2.13730e-02
 Reference value :  2.15666e-02
 Reference value :  2.17602e-02
 Reference value :  2.19513e-02
 Reference value :  2.21300e-02
 Reference value :  2.23012e-02
 Reference value :  2.24936e-02
 Reference value :  2.26752e-02
 Reference value :  2.28606e-02
 Reference value :  2.30385e-02
 Reference value :  2.32100e-02
 Reference value :  2.33705e-02
 Reference value :  2.35593e-02
 Reference value :  2.37012e-02
 Reference value :  2.38483e-02
 Reference value :  2.39924e-02
No. of Data Rows : 94438
ngspice-46 done
