
Note: No compatibility mode selected!


Circuit: fast ad centered state behavioral p5

Doing analysis at TEMP = 27.000000 and TNOM = 27.000000

Using SPARSE 1.3 as Direct Linear Solver
Operating point simulation skipped by 'uic',
  now using transient initial conditions.
 Reference value :  1.00857e-04
 Reference value :  2.47173e-04
 Reference value :  4.21651e-04
 Reference value :  6.03317e-04
 Reference value :  7.70230e-04
 Reference value :  8.80125e-04
 Reference value :  1.32245e-03
 Reference value :  1.80254e-03
 Reference value :  2.11001e-03
 Reference value :  2.25409e-03
 Reference value :  2.41511e-03
 Reference value :  2.57032e-03
 Reference value :  2.72482e-03
 Reference value :  2.91063e-03
 Reference value :  3.08741e-03
 Reference value :  3.23141e-03
 Reference value :  3.38122e-03
 Reference value :  3.53118e-03
 Reference value :  3.68306e-03
 Reference value :  3.84081e-03
 Reference value :  4.02464e-03
 Reference value :  4.19010e-03
 Reference value :  4.35002e-03
 Reference value :  4.50013e-03
 Reference value :  4.67296e-03
 Reference value :  4.82133e-03
 Reference value :  4.96414e-03
 Reference value :  5.08946e-03
 Reference value :  5.21125e-03
 Reference value :  5.32882e-03
 Reference value :  5.46424e-03
 Reference value :  5.59047e-03
 Reference value :  5.70032e-03
 Reference value :  5.81056e-03
 Reference value :  5.94504e-03
 Reference value :  6.07014e-03
 Reference value :  6.19055e-03
 Reference value :  6.32505e-03
 Reference value :  6.45136e-03
 Reference value :  6.59043e-03
 Reference value :  6.73003e-03
 Reference value :  6.87075e-03
 Reference value :  7.01465e-03
 Reference value :  7.16002e-03
 Reference value :  7.30291e-03
 Reference value :  7.45043e-03
 Reference value :  7.57190e-03
 Reference value :  7.69024e-03
 Reference value :  7.81122e-03
 Reference value :  7.93045e-03
 Reference value :  8.04634e-03
 Reference value :  8.17302e-03
 Reference value :  8.30047e-03
 Reference value :  8.44074e-03
 Reference value :  8.59000e-03
 Reference value :  8.74268e-03
 Reference value :  8.88163e-03
 Reference value :  9.01005e-03
 Reference value :  9.14603e-03
 Reference value :  9.29242e-03
 Reference value :  9.43057e-03
 Reference value :  9.57382e-03
 Reference value :  9.70944e-03
 Reference value :  9.86000e-03
 Reference value :  9.98198e-03
 Reference value :  1.01067e-02
 Reference value :  1.02510e-02
 Reference value :  1.03909e-02
 Reference value :  1.05104e-02
 Reference value :  1.06406e-02
 Reference value :  1.07700e-02
 Reference value :  1.08804e-02
 Reference value :  1.10129e-02
 Reference value :  1.11415e-02
 Reference value :  1.12602e-02
 Reference value :  1.14011e-02
 Reference value :  1.15200e-02
 Reference value :  1.16500e-02
 Reference value :  1.17912e-02
 Reference value :  1.19100e-02
 Reference value :  1.20134e-02
 Reference value :  1.21367e-02
 Reference value :  1.22908e-02
 Reference value :  1.24421e-02
 Reference value :  1.25766e-02
 Reference value :  1.27103e-02
 Reference value :  1.28423e-02
 Reference value :  1.29629e-02
 Reference value :  1.30901e-02
 Reference value :  1.32261e-02
 Reference value :  1.33565e-02
 Reference value :  1.34669e-02
 Reference value :  1.35989e-02
 Reference value :  1.37400e-02
 Reference value :  1.38733e-02
 Reference value :  1.39958e-02
 Reference value :  1.41367e-02
 Reference value :  1.42756e-02
 Reference value :  1.44153e-02
 Reference value :  1.45802e-02
 Reference value :  1.47305e-02
 Reference value :  1.48402e-02
 Reference value :  1.49717e-02
 Reference value :  1.50896e-02
 Reference value :  1.52006e-02
 Reference value :  1.53268e-02
 Reference value :  1.54504e-02
 Reference value :  1.55739e-02
 Reference value :  1.56884e-02
 Reference value :  1.58208e-02
 Reference value :  1.59413e-02
 Reference value :  1.60706e-02
 Reference value :  1.62001e-02
 Reference value :  1.63361e-02
 Reference value :  1.64695e-02
 Reference value :  1.65989e-02
 Reference value :  1.66974e-02
 Reference value :  1.68233e-02
 Reference value :  1.69500e-02
 Reference value :  1.70809e-02
 Reference value :  1.71919e-02
 Reference value :  1.73214e-02
 Reference value :  1.74411e-02
 Reference value :  1.75808e-02
 Reference value :  1.77200e-02
 Reference value :  1.78561e-02
 Reference value :  1.79985e-02
 Reference value :  1.81601e-02
 Reference value :  1.83281e-02
 Reference value :  1.84907e-02
 Reference value :  1.86614e-02
 Reference value :  1.88253e-02
 Reference value :  1.89608e-02
 Reference value :  1.91054e-02
 Reference value :  1.92322e-02
 Reference value :  1.93500e-02
 Reference value :  1.94801e-02
 Reference value :  1.96014e-02
 Reference value :  1.97258e-02
 Reference value :  1.98700e-02
 Reference value :  2.00101e-02
 Reference value :  2.01400e-02
 Reference value :  2.02696e-02
 Reference value :  2.04109e-02
 Reference value :  2.05478e-02
 Reference value :  2.07163e-02
 Reference value :  2.08413e-02
 Reference value :  2.09903e-02
 Reference value :  2.11425e-02
 Reference value :  2.12727e-02
 Reference value :  2.13904e-02
 Reference value :  2.15306e-02
 Reference value :  2.16600e-02
 Reference value :  2.17700e-02
 Reference value :  2.18762e-02
 Reference value :  2.20046e-02
 Reference value :  2.21180e-02
 Reference value :  2.22321e-02
 Reference value :  2.23600e-02
 Reference value :  2.25007e-02
 Reference value :  2.26548e-02
 Reference value :  2.27945e-02
 Reference value :  2.29326e-02
 Reference value :  2.30738e-02
 Reference value :  2.32006e-02
 Reference value :  2.33244e-02
 Reference value :  2.34814e-02
 Reference value :  2.36313e-02
 Reference value :  2.37904e-02
 Reference value :  2.39401e-02
No. of Data Rows : 114790
ngspice-46 done
