
Note: No compatibility mode selected!


Circuit: fast ad centered state behavioral p5

Doing analysis at TEMP = 27.000000 and TNOM = 27.000000

Using SPARSE 1.3 as Direct Linear Solver
Operating point simulation skipped by 'uic',
  now using transient initial conditions.
 Reference value :  2.71697e-03
 Reference value :  4.91121e-03
 Reference value :  6.99469e-03
 Reference value :  9.03292e-03
 Reference value :  1.13034e-02
 Reference value :  1.34201e-02
 Reference value :  1.53223e-02
 Reference value :  1.71462e-02
 Reference value :  1.88592e-02
 Reference value :  2.05406e-02
 Reference value :  2.21151e-02
 Reference value :  2.36169e-02
No. of Data Rows : 106492
ngspice-46 done
