
Note: No compatibility mode selected!


Circuit: fast ad centered state behavioral p5

Doing analysis at TEMP = 27.000000 and TNOM = 27.000000

Using SPARSE 1.3 as Direct Linear Solver
Operating point simulation skipped by 'uic',
  now using transient initial conditions.
 Reference value :  2.14894e-03
 Reference value :  3.29001e-03
 Reference value :  4.37045e-03
 Reference value :  5.40742e-03
 Reference value :  6.55012e-03
 Reference value :  7.56358e-03
 Reference value :  8.58745e-03
 Reference value :  9.60871e-03
 Reference value :  1.05888e-02
 Reference value :  1.16037e-02
 Reference value :  1.25706e-02
 Reference value :  1.36500e-02
 Reference value :  1.47421e-02
 Reference value :  1.57147e-02
 Reference value :  1.66202e-02
 Reference value :  1.76697e-02
 Reference value :  1.87453e-02
 Reference value :  1.96259e-02
 Reference value :  2.05600e-02
 Reference value :  2.14903e-02
 Reference value :  2.24600e-02
 Reference value :  2.33500e-02
No. of Data Rows : 122450
ngspice-46 done
