
Note: No compatibility mode selected!


Circuit: fast ad centered state behavioral p5

Doing analysis at TEMP = 27.000000 and TNOM = 27.000000

Using SPARSE 1.3 as Direct Linear Solver
Operating point simulation skipped by 'uic',
  now using transient initial conditions.
 Reference value :  1.11280e-04
 Reference value :  2.41569e-04
 Reference value :  4.00792e-04
 Reference value :  5.51139e-04
 Reference value :  7.40011e-04
 Reference value :  7.84940e-04
 Reference value :  1.13030e-03
 Reference value :  1.58550e-03
 Reference value :  2.05150e-03
 Reference value :  2.52650e-03
 Reference value :  3.04150e-03
 Reference value :  3.57003e-03
 Reference value :  4.13550e-03
 Reference value :  4.68250e-03
 Reference value :  5.16070e-03
 Reference value :  5.66010e-03
 Reference value :  6.15650e-03
 Reference value :  6.69350e-03
 Reference value :  7.16550e-03
 Reference value :  7.62070e-03
 Reference value :  8.09070e-03
 Reference value :  8.56010e-03
 Reference value :  9.04070e-03
 Reference value :  9.52070e-03
 Reference value :  1.00135e-02
 Reference value :  1.05200e-02
 Reference value :  1.10685e-02
 Reference value :  1.16155e-02
 Reference value :  1.21535e-02
 Reference value :  1.27145e-02
 Reference value :  1.31925e-02
 Reference value :  1.36935e-02
 Reference value :  1.42045e-02
 Reference value :  1.47115e-02
 Reference value :  1.52335e-02
 Reference value :  1.57300e-02
 Reference value :  1.62101e-02
 Reference value :  1.67101e-02
 Reference value :  1.71793e-02
 Reference value :  1.76701e-02
 Reference value :  1.81401e-02
 Reference value :  1.86325e-02
 Reference value :  1.91065e-02
 Reference value :  1.95603e-02
 Reference value :  2.00345e-02
 Reference value :  2.05100e-02
 Reference value :  2.10235e-02
 Reference value :  2.14955e-02
 Reference value :  2.20000e-02
 Reference value :  2.25665e-02
 Reference value :  2.31435e-02
 Reference value :  2.37307e-02
No. of Data Rows : 36567
ngspice-46 done
