
Note: No compatibility mode selected!


Circuit: fast ad centered state behavioral p5

Doing analysis at TEMP = 27.000000 and TNOM = 27.000000

Using SPARSE 1.3 as Direct Linear Solver
Operating point simulation skipped by 'uic',
  now using transient initial conditions.
 Reference value :  2.28363e-03
 Reference value :  4.30002e-03
 Reference value :  6.26614e-03
 Reference value :  8.21799e-03
 Reference value :  1.01600e-02
 Reference value :  1.20323e-02
 Reference value :  1.38401e-02
 Reference value :  1.56858e-02
 Reference value :  1.74010e-02
 Reference value :  1.90037e-02
 Reference value :  2.04714e-02
 Reference value :  2.19800e-02
 Reference value :  2.33700e-02
No. of Data Rows : 147535
ngspice-46 done
