
Note: No compatibility mode selected!


Circuit: * r3 root

Doing analysis at TEMP = 25.000000 and TNOM = 27.000000

Using SPARSE 1.3 as Direct Linear Solver
Operating point simulation skipped by 'uic',
  now using transient initial conditions.
 Reference value :  5.37380e-09
 Reference value :  1.06747e-08
 Reference value :  1.39352e-08
 Reference value :  1.51782e-08
 Reference value :  1.66661e-08
 Reference value :  1.91562e-08
 Reference value :  3.16679e-08
 Reference value :  1.96466e-07
 Reference value :  5.05371e-07
 Reference value :  6.38147e-07
 Reference value :  1.61334e-06
 Reference value :  2.85330e-06
 Reference value :  3.28745e-06
 Reference value :  3.35677e-06
 Reference value :  3.61887e-06
 Reference value :  3.62917e-06
 Reference value :  3.64082e-06
 Reference value :  3.65743e-06
 Reference value :  3.67673e-06
 Reference value :  3.69832e-06
 Reference value :  4.17055e-06
 Reference value :  7.13110e-06
 Reference value :  1.28261e-05
 Reference value :  1.86811e-05
No. of Data Rows : 17995
ngspice-46 done
