
Note: No compatibility mode selected!


Circuit: * r3 root

Doing analysis at TEMP = 25.000000 and TNOM = 27.000000

Using SPARSE 1.3 as Direct Linear Solver
Operating point simulation skipped by 'uic',
  now using transient initial conditions.
 Reference value :  5.74173e-09
 Reference value :  1.03924e-08
 Reference value :  1.34081e-08
 Reference value :  1.48050e-08
 Reference value :  1.58997e-08
 Reference value :  1.79486e-08
 Reference value :  2.37724e-08
 Reference value :  2.87810e-08
 Reference value :  3.49284e-08
 Reference value :  4.08314e-08
 Reference value :  4.72140e-08
 Reference value :  5.47452e-08
 Reference value :  6.21529e-08
 Reference value :  7.01071e-08
 Reference value :  8.15350e-08
 Reference value :  9.47842e-08
 Reference value :  1.13461e-07
 Reference value :  1.94898e-07
 Reference value :  6.82871e-07
 Reference value :  6.93946e-07
 Reference value :  7.04450e-07
 Reference value :  7.15019e-07
 Reference value :  7.25679e-07
 Reference value :  7.36077e-07
 Reference value :  7.46351e-07
 Reference value :  7.56447e-07
 Reference value :  7.66478e-07
 Reference value :  7.76873e-07
 Reference value :  7.85641e-07
 Reference value :  7.95142e-07
 Reference value :  8.04069e-07
 Reference value :  8.13402e-07
 Reference value :  8.22946e-07
 Reference value :  8.32835e-07
 Reference value :  8.42082e-07
 Reference value :  8.51466e-07
 Reference value :  8.61137e-07
 Reference value :  8.71354e-07
 Reference value :  8.80850e-07
 Reference value :  8.90914e-07
 Reference value :  9.01182e-07
 Reference value :  9.11087e-07
 Reference value :  9.21120e-07
 Reference value :  9.31318e-07
 Reference value :  9.40947e-07
 Reference value :  9.50715e-07
 Reference value :  9.60342e-07
 Reference value :  9.69587e-07
 Reference value :  9.79506e-07
 Reference value :  9.87884e-07
 Reference value :  9.97685e-07
 Reference value :  1.00660e-06
 Reference value :  1.01617e-06
 Reference value :  1.02493e-06
 Reference value :  1.03447e-06
 Reference value :  1.04338e-06
 Reference value :  1.05285e-06
 Reference value :  1.06202e-06
 Reference value :  1.07190e-06
 Reference value :  1.08148e-06
 Reference value :  1.09083e-06
 Reference value :  1.10077e-06
 Reference value :  1.11102e-06
 Reference value :  1.12066e-06
 Reference value :  1.13008e-06
 Reference value :  1.14010e-06
 Reference value :  1.15009e-06
 Reference value :  1.15980e-06
 Reference value :  1.16988e-06
 Reference value :  1.18001e-06
 Reference value :  1.18976e-06
 Reference value :  1.19977e-06
 Reference value :  1.21021e-06
 Reference value :  1.22024e-06
 Reference value :  1.23041e-06
 Reference value :  1.23984e-06
 Reference value :  1.25021e-06
 Reference value :  1.26061e-06
 Reference value :  1.27098e-06
 Reference value :  1.28153e-06
 Reference value :  1.29185e-06
 Reference value :  1.30163e-06
 Reference value :  1.31206e-06
 Reference value :  1.32249e-06
 Reference value :  1.33323e-06
 Reference value :  1.34391e-06
 Reference value :  1.35469e-06
 Reference value :  1.36542e-06
 Reference value :  1.37595e-06
 Reference value :  1.38681e-06
 Reference value :  1.39763e-06
 Reference value :  1.40839e-06
 Reference value :  1.41972e-06
 Reference value :  1.43078e-06
 Reference value :  1.44182e-06
 Reference value :  1.45283e-06
 Reference value :  1.46263e-06
 Reference value :  1.47357e-06
 Reference value :  1.48462e-06
 Reference value :  1.49566e-06
 Reference value :  1.50677e-06
 Reference value :  1.51797e-06
 Reference value :  1.52930e-06
 Reference value :  1.54109e-06
 Reference value :  1.55282e-06
 Reference value :  1.56470e-06
 Reference value :  1.57601e-06
 Reference value :  1.58711e-06
 Reference value :  1.59768e-06
 Reference value :  1.60881e-06
 Reference value :  1.62020e-06
 Reference value :  1.63139e-06
 Reference value :  1.64211e-06
 Reference value :  1.65316e-06
 Reference value :  1.66398e-06
 Reference value :  1.67499e-06
 Reference value :  1.68677e-06
 Reference value :  1.69872e-06
 Reference value :  1.71062e-06
 Reference value :  1.72245e-06
 Reference value :  1.73469e-06
 Reference value :  1.74719e-06
 Reference value :  1.75981e-06
 Reference value :  1.77207e-06
 Reference value :  1.78431e-06
 Reference value :  1.79659e-06
 Reference value :  1.80861e-06
 Reference value :  1.82072e-06
 Reference value :  1.83279e-06
 Reference value :  1.84427e-06
 Reference value :  1.85625e-06
 Reference value :  1.86829e-06
 Reference value :  1.88077e-06
 Reference value :  1.89349e-06
 Reference value :  1.90623e-06
 Reference value :  1.91918e-06
 Reference value :  1.93347e-06
 Reference value :  1.94973e-06
 Reference value :  1.96639e-06
 Reference value :  1.98346e-06
 Reference value :  2.00167e-06
 Reference value :  2.07373e-06
 Reference value :  2.17122e-06
 Reference value :  2.62154e-06
 Reference value :  2.70875e-06
 Reference value :  4.15903e-06
 Reference value :  7.43632e-06
 Reference value :  1.29863e-05
 Reference value :  1.84963e-05
No. of Data Rows : 103928
ngspice-46 done
