
Note: No compatibility mode selected!


Circuit: fast ad centered state behavioral p5

Doing analysis at TEMP = 27.000000 and TNOM = 27.000000

Using SPARSE 1.3 as Direct Linear Solver
Operating point simulation skipped by 'uic',
  now using transient initial conditions.
 Reference value :  1.50006e-04
 Reference value :  2.80010e-04
 Reference value :  2.91884e-04
 Reference value :  6.90001e-04
 Reference value :  1.19650e-03
 Reference value :  1.71070e-03
 Reference value :  2.21925e-03
 Reference value :  2.67001e-03
 Reference value :  3.14250e-03
 Reference value :  3.58850e-03
 Reference value :  4.03650e-03
 Reference value :  4.47909e-03
 Reference value :  4.97030e-03
No. of Data Rows : 9721
ngspice-46 done
