note: Running TeX ...
warning: hyperref.sty:4873: Requested font "pzdr" at 0.00002pt
warning: hyperref.sty:4873:  -> pzdr
warning: main.tex:20:
Requested font "[TeXGyreTermesX-Regular.otf]/OT" at 10.94997pt
warning: main.tex:20: Requested font "[TeXGyreTermesX-Regular.otf]/OT" at 10.95003pt
warning: main.tex:20: Requested font "[TeXGyreTermesX-Regular.otf]/OT:script=latn;language=dflt;" at 10.95003pt
warning: main.tex:20: Requested font "[TeXGyreTermesX-Bold.otf]/OT:script=latn;language=dflt;" at 10.95003pt
warning: main.tex:20: Requested font "[TeXGyreTermesX-Italic.otf]/OT:script=latn;language=dflt;" at 10.95003pt
warning: main.tex:20: Requested font "[TeXGyreTermesX-Slanted.otf]/OT:script=latn;language=dflt;" at 10.95003pt
warning: main.tex:20: Requested font "[TeXGyreTermesX-BoldItalic.otf]/OT:script=latn;language=dflt;" at 10.95003pt
warning: main.tex:20: Requested font "[TeXGyreTermesX-BoldSlanted.otf]/OT:script=latn;language=dflt;" at 10.95003pt
warning: main.tex:20: Requested font "[TeXGyreTermesX-Regular.otf]/OT:script=latn;language=dflt;-ss05;+tnum;+lnum;mapping=tex-text;" at 10.95pt
warning: main.tex:21: Requested font "[TeXGyreTermesX-Regular.otf]/OT:script=latn;language=dflt;-ss05;+tnum;+lnum;mapping=tex-text;" at 10.0pt
warning: main.tex:21: Requested font "[lmsans10-regular]:mapping=tex-text;" at 10.0pt
warning: main.tex:23: Requested font "[TeXGyreTermesX-Regular.otf]/OT:script=latn;language=dflt;-ss05;+tnum;+lnum;mapping=tex-text;" at 24.0pt
warning: main.tex:23: Requested font "[TeXGyreTermesX-Bold.otf]/OT:script=latn;language=dflt;-ss05;+tnum;+lnum;mapping=tex-text;" at 24.0pt
warning: main.tex:24: Requested font "[TeXGyreTermesX-Regular.otf]/OT:script=latn;language=dflt;-ss05;+tnum;+lnum;mapping=tex-text;" at 12.0pt
warning: main.tex:25: Requested font "[TeXGyreTermesX-Regular.otf]/OT:script=latn;language=dflt;-ss05;+tnum;+lnum;+sups;mapping=tex-text;" at 10.95pt
warning: main.tex:25: Requested font "[TeXGyreTermesX-Regular.otf]/OT:script=latn;language=dflt;-ss05;+tnum;+lnum;mapping=tex-text;" at 9.0pt
warning: main.tex:25: Requested font "[TeXGyreTermesX-Regular.otf]/OT" at 8.99997pt
warning: main.tex:25: Requested font "[TeXGyreTermesX-Regular.otf]/OT:script=latn;language=dflt;" at 9.00003pt
warning: main.tex:25: Requested font "[TeXGyreTermesX-Regular.otf]/OT:script=latn;language=dflt;-ss05;+tnum;+lnum;+sups;mapping=tex-text;" at 9.0pt
warning: main.tex:25: Requested font "[TeXGyreTermesX-Bold.otf]/OT:script=latn;language=dflt;-ss05;+tnum;+lnum;mapping=tex-text;" at 9.0pt
warning: main.tex:25:
Requested font "ntx-Regular-tlf-ot1" at 10.95pt
warning: main.tex:25:  -> ntx-Regular-tlf-ot1
warning: main.tex:25: Requested font "ntx-Regular-tlf-ot1" at 8.0pt
warning: main.tex:25:  -> ntx-Regular-tlf-ot1
warning: main.tex:25: Requested font "ntx-Regular-tlf-ot1" at 6.1pt
warning: main.tex:25:  -> ntx-Regular-tlf-ot1
warning: main.tex:25: Requested font "ntxmi" at 10.95pt
warning: main.tex:25:  -> ntxmi
warning: main.tex:25: Requested font "ntxmi7" at 8.0pt
warning: main.tex:25:  -> ntxmi7
warning: main.tex:25: Requested font "ntxmi5" at 6.1pt
warning: main.tex:25:  -> ntxmi5
warning: main.tex:25: Requested font "ntxsy" at 10.95pt
warning: main.tex:25:  -> ntxsy
warning: main.tex:25: Requested font "ntxsy7" at 8.0pt
warning: main.tex:25:  -> ntxsy7
warning: main.tex:25: Requested font "ntxsy5" at 6.1pt
warning: main.tex:25:  -> ntxsy5
warning: main.tex:25: Requested font "ntxexx" at 10.95pt
warning: main.tex:25:  -> ntxexx
warning: main.tex:25: Requested font "ntxexx" at 8.0pt
warning: main.tex:25:  -> ntxexx
warning: main.tex:25: Requested font "ntxexx" at 6.1pt
warning: main.tex:25:  -> ntxexx
warning: main.tex:25:
Requested font "msam10" at 10.95pt
warning: main.tex:25:  -> msam10
warning: main.tex:25:
Requested font "msam10" at 8.0pt
warning: main.tex:25:  -> msam10
warning: main.tex:25: Requested font "msam7" at 6.1pt
warning: main.tex:25:  -> msam7
warning: main.tex:25:
Requested font "msbm10" at 10.95pt
warning: main.tex:25:  -> msbm10
warning: main.tex:25:
Requested font "msbm10" at 8.0pt
warning: main.tex:25:  -> msbm10
warning: main.tex:25: Requested font "msbm7" at 6.1pt
warning: main.tex:25:  -> msbm7
warning: main.tex:25:
Requested font "ntxmia" at 10.95pt
warning: main.tex:25:  -> ntxmia
warning: main.tex:25: Requested font "ntxmia" at 8.0pt
warning: main.tex:25:  -> ntxmia
warning: main.tex:25: Requested font "ntxmia" at 6.1pt
warning: main.tex:25:  -> ntxmia
warning: main.tex:25:
Requested font "ntxsym" at 10.95pt
warning: main.tex:25:  -> ntxsym
warning: main.tex:25: Requested font "ntxsym" at 8.0pt
warning: main.tex:25:  -> ntxsym
warning: main.tex:25: Requested font "ntxsym" at 6.1pt
warning: main.tex:25:  -> ntxsym
warning: main.tex:25:
Requested font "ntxsyc" at 10.95pt
warning: main.tex:25:  -> ntxsyc
warning: main.tex:25: Requested font "ntxsyc" at 8.0pt
warning: main.tex:25:  -> ntxsyc
warning: main.tex:25: Requested font "ntxsyc" at 6.1pt
warning: main.tex:25:  -> ntxsyc
warning: main.tex:25: Requested font "ntxexa" at 10.95pt
warning: main.tex:25:  -> ntxexa
warning: main.tex:25: Requested font "ntxexa" at 8.0pt
warning: main.tex:25:  -> ntxexa
warning: main.tex:25: Requested font "ntxexa" at 6.1pt
warning: main.tex:25:  -> ntxexa
warning: main.tex:26: Requested font "ntx-Regular-tlf-ot1" at 10.0pt
warning: main.tex:26:  -> ntx-Regular-tlf-ot1
warning: main.tex:26: Requested font "ntx-Regular-tlf-ot1" at 7.3pt
warning: main.tex:26:  -> ntx-Regular-tlf-ot1
warning: main.tex:26: Requested font "ntx-Regular-tlf-ot1" at 5.5pt
warning: main.tex:26:  -> ntx-Regular-tlf-ot1
warning: main.tex:26: Requested font "ntxmi" at 10.0pt
warning: main.tex:26:  -> ntxmi
warning: main.tex:26: Requested font "ntxmi7" at 7.3pt
warning: main.tex:26:  -> ntxmi7
warning: main.tex:26: Requested font "ntxmi5" at 5.5pt
warning: main.tex:26:  -> ntxmi5
warning: main.tex:26: Requested font "ntxsy" at 10.0pt
warning: main.tex:26:  -> ntxsy
warning: main.tex:26: Requested font "ntxsy7" at 7.3pt
warning: main.tex:26:  -> ntxsy7
warning: main.tex:26: Requested font "ntxsy5" at 5.5pt
warning: main.tex:26:  -> ntxsy5
warning: main.tex:26: Requested font "ntxexx" at 10.0pt
warning: main.tex:26:  -> ntxexx
warning: main.tex:26: Requested font "ntxexx" at 7.3pt
warning: main.tex:26:  -> ntxexx
warning: main.tex:26: Requested font "ntxexx" at 5.5pt
warning: main.tex:26:  -> ntxexx
warning: main.tex:26: Requested font "msam10" at 10.0pt
warning: main.tex:26:  -> msam10
warning: main.tex:26: Requested font "msam7" at 7.3pt
warning: main.tex:26:  -> msam7
warning: main.tex:26: Requested font "msam5" at 5.5pt
warning: main.tex:26:  -> msam5
warning: main.tex:26: Requested font "msbm10" at 10.0pt
warning: main.tex:26:  -> msbm10
warning: main.tex:26: Requested font "msbm7" at 7.3pt
warning: main.tex:26:  -> msbm7
warning: main.tex:26: Requested font "msbm5" at 5.5pt
warning: main.tex:26:  -> msbm5
warning: main.tex:26: Requested font "ntxmia" at 10.0pt
warning: main.tex:26:  -> ntxmia
warning: main.tex:26: Requested font "ntxmia" at 7.3pt
warning: main.tex:26:  -> ntxmia
warning: main.tex:26: Requested font "ntxmia" at 5.5pt
warning: main.tex:26:  -> ntxmia
warning: main.tex:26: Requested font "ntxsym" at 10.0pt
warning: main.tex:26:  -> ntxsym
warning: main.tex:26: Requested font "ntxsym" at 7.3pt
warning: main.tex:26:  -> ntxsym
warning: main.tex:26: Requested font "ntxsym" at 5.5pt
warning: main.tex:26:  -> ntxsym
warning: main.tex:26: Requested font "ntxsyc" at 10.0pt
warning: main.tex:26:  -> ntxsyc
warning: main.tex:26: Requested font "ntxsyc" at 7.3pt
warning: main.tex:26:  -> ntxsyc
warning: main.tex:26: Requested font "ntxsyc" at 5.5pt
warning: main.tex:26:  -> ntxsyc
warning: main.tex:26: Requested font "ntxexa" at 10.0pt
warning: main.tex:26:  -> ntxexa
warning: main.tex:26: Requested font "ntxexa" at 7.3pt
warning: main.tex:26:  -> ntxexa
warning: main.tex:26: Requested font "ntxexa" at 5.5pt
warning: main.tex:26:  -> ntxexa
warning: main.tex:27: Requested font "[lmmono10-regular]:" at 10.95pt
warning: main.tex:29: Requested font "[TeXGyreTermesX-Bold.otf]/OT:script=latn;language=dflt;-ss05;+tnum;+lnum;mapping=tex-text;" at 10.95pt
warning: main.tex:32: Requested font "[TeXGyreTermesX-Regular.otf]/OT:script=latn;language=dflt;-ss05;+tnum;+lnum;mapping=tex-text;" at 14.4pt
warning: main.tex:32: Requested font "[TeXGyreTermesX-Bold.otf]/OT:script=latn;language=dflt;-ss05;+tnum;+lnum;mapping=tex-text;" at 14.4pt
warning: main.tex:53: Requested font "[TeXGyreTermesX-Bold.otf]/OT:script=latn;language=dflt;-ss05;+tnum;+lnum;mapping=tex-text;" at 12.0pt
warning: main.tex:70: Requested font "[TeXGyreTermesX-Bold.otf]/OT:script=latn;language=dflt;-ss05;+tnum;+lnum;mapping=tex-text;" at 10.0pt
warning: main.tex:111: Requested font "[TeXGyreTermesX-Italic.otf]/OT:script=latn;language=dflt;-ss05;+tnum;+lnum;mapping=tex-text;" at 10.95pt
warning: main.tex:361: Underfull \hbox (badness 1314) in paragraph at lines 361--361
warning: main.tex:361: Underfull \hbox (badness 7451) in paragraph at lines 361--361
warning: main.tex:450: Requested font "[lmmono10-regular]:" at 10.0pt
warning: main.tex:477: Underfull \hbox (badness 1496) in paragraph at lines 476--477
note: Running BibTeX on main.aux ...
note: Rerunning TeX because bibtex was run ...
warning: hyperref.sty:4873: Requested font "pzdr" at 0.00002pt
warning: hyperref.sty:4873:  -> pzdr
warning: main.tex:20:
Requested font "[TeXGyreTermesX-Regular.otf]/OT" at 10.94997pt
warning: main.tex:20: Requested font "[TeXGyreTermesX-Regular.otf]/OT" at 10.95003pt
warning: main.tex:20: Requested font "[TeXGyreTermesX-Regular.otf]/OT:script=latn;language=dflt;" at 10.95003pt
warning: main.tex:20: Requested font "[TeXGyreTermesX-Bold.otf]/OT:script=latn;language=dflt;" at 10.95003pt
warning: main.tex:20: Requested font "[TeXGyreTermesX-Italic.otf]/OT:script=latn;language=dflt;" at 10.95003pt
warning: main.tex:20: Requested font "[TeXGyreTermesX-Slanted.otf]/OT:script=latn;language=dflt;" at 10.95003pt
warning: main.tex:20: Requested font "[TeXGyreTermesX-BoldItalic.otf]/OT:script=latn;language=dflt;" at 10.95003pt
warning: main.tex:20: Requested font "[TeXGyreTermesX-BoldSlanted.otf]/OT:script=latn;language=dflt;" at 10.95003pt
warning: main.tex:20: Requested font "[TeXGyreTermesX-Regular.otf]/OT:script=latn;language=dflt;-ss05;+tnum;+lnum;mapping=tex-text;" at 10.95pt
warning: main.tex:21: Requested font "[TeXGyreTermesX-Regular.otf]/OT:script=latn;language=dflt;-ss05;+tnum;+lnum;mapping=tex-text;" at 10.0pt
warning: main.tex:21: Requested font "[lmsans10-regular]:mapping=tex-text;" at 10.0pt
warning: main.tex:23: Requested font "[TeXGyreTermesX-Regular.otf]/OT:script=latn;language=dflt;-ss05;+tnum;+lnum;mapping=tex-text;" at 24.0pt
warning: main.tex:23: Requested font "[TeXGyreTermesX-Bold.otf]/OT:script=latn;language=dflt;-ss05;+tnum;+lnum;mapping=tex-text;" at 24.0pt
warning: main.tex:24: Requested font "[TeXGyreTermesX-Regular.otf]/OT:script=latn;language=dflt;-ss05;+tnum;+lnum;mapping=tex-text;" at 12.0pt
warning: main.tex:25: Requested font "[TeXGyreTermesX-Regular.otf]/OT:script=latn;language=dflt;-ss05;+tnum;+lnum;+sups;mapping=tex-text;" at 10.95pt
warning: main.tex:25: Requested font "[TeXGyreTermesX-Regular.otf]/OT:script=latn;language=dflt;-ss05;+tnum;+lnum;mapping=tex-text;" at 9.0pt
warning: main.tex:25: Requested font "[TeXGyreTermesX-Regular.otf]/OT" at 8.99997pt
warning: main.tex:25: Requested font "[TeXGyreTermesX-Regular.otf]/OT:script=latn;language=dflt;" at 9.00003pt
warning: main.tex:25: Requested font "[TeXGyreTermesX-Regular.otf]/OT:script=latn;language=dflt;-ss05;+tnum;+lnum;+sups;mapping=tex-text;" at 9.0pt
warning: main.tex:25:
Requested font "ntx-Regular-tlf-ot1" at 10.95pt
warning: main.tex:25:  -> ntx-Regular-tlf-ot1
warning: main.tex:25: Requested font "ntx-Regular-tlf-ot1" at 8.0pt
warning: main.tex:25:  -> ntx-Regular-tlf-ot1
warning: main.tex:25: Requested font "ntx-Regular-tlf-ot1" at 6.1pt
warning: main.tex:25:  -> ntx-Regular-tlf-ot1
warning: main.tex:25: Requested font "ntxmi" at 10.95pt
warning: main.tex:25:  -> ntxmi
warning: main.tex:25: Requested font "ntxmi7" at 8.0pt
warning: main.tex:25:  -> ntxmi7
warning: main.tex:25: Requested font "ntxmi5" at 6.1pt
warning: main.tex:25:  -> ntxmi5
warning: main.tex:25: Requested font "ntxsy" at 10.95pt
warning: main.tex:25:  -> ntxsy
warning: main.tex:25: Requested font "ntxsy7" at 8.0pt
warning: main.tex:25:  -> ntxsy7
warning: main.tex:25: Requested font "ntxsy5" at 6.1pt
warning: main.tex:25:  -> ntxsy5
warning: main.tex:25: Requested font "ntxexx" at 10.95pt
warning: main.tex:25:  -> ntxexx
warning: main.tex:25: Requested font "ntxexx" at 8.0pt
warning: main.tex:25:  -> ntxexx
warning: main.tex:25: Requested font "ntxexx" at 6.1pt
warning: main.tex:25:  -> ntxexx
warning: main.tex:25:
Requested font "msam10" at 10.95pt
warning: main.tex:25:  -> msam10
warning: main.tex:25:
Requested font "msam10" at 8.0pt
warning: main.tex:25:  -> msam10
warning: main.tex:25: Requested font "msam7" at 6.1pt
warning: main.tex:25:  -> msam7
warning: main.tex:25:
Requested font "msbm10" at 10.95pt
warning: main.tex:25:  -> msbm10
warning: main.tex:25:
Requested font "msbm10" at 8.0pt
warning: main.tex:25:  -> msbm10
warning: main.tex:25: Requested font "msbm7" at 6.1pt
warning: main.tex:25:  -> msbm7
warning: main.tex:25:
Requested font "ntxmia" at 10.95pt
warning: main.tex:25:  -> ntxmia
warning: main.tex:25: Requested font "ntxmia" at 8.0pt
warning: main.tex:25:  -> ntxmia
warning: main.tex:25: Requested font "ntxmia" at 6.1pt
warning: main.tex:25:  -> ntxmia
warning: main.tex:25:
Requested font "ntxsym" at 10.95pt
warning: main.tex:25:  -> ntxsym
warning: main.tex:25: Requested font "ntxsym" at 8.0pt
warning: main.tex:25:  -> ntxsym
warning: main.tex:25: Requested font "ntxsym" at 6.1pt
warning: main.tex:25:  -> ntxsym
warning: main.tex:25:
Requested font "ntxsyc" at 10.95pt
warning: main.tex:25:  -> ntxsyc
warning: main.tex:25: Requested font "ntxsyc" at 8.0pt
warning: main.tex:25:  -> ntxsyc
warning: main.tex:25: Requested font "ntxsyc" at 6.1pt
warning: main.tex:25:  -> ntxsyc
warning: main.tex:25: Requested font "ntxexa" at 10.95pt
warning: main.tex:25:  -> ntxexa
warning: main.tex:25: Requested font "ntxexa" at 8.0pt
warning: main.tex:25:  -> ntxexa
warning: main.tex:25: Requested font "ntxexa" at 6.1pt
warning: main.tex:25:  -> ntxexa
warning: main.tex:26: Requested font "ntx-Regular-tlf-ot1" at 10.0pt
warning: main.tex:26:  -> ntx-Regular-tlf-ot1
warning: main.tex:26: Requested font "ntx-Regular-tlf-ot1" at 7.3pt
warning: main.tex:26:  -> ntx-Regular-tlf-ot1
warning: main.tex:26: Requested font "ntx-Regular-tlf-ot1" at 5.5pt
warning: main.tex:26:  -> ntx-Regular-tlf-ot1
warning: main.tex:26: Requested font "ntxmi" at 10.0pt
warning: main.tex:26:  -> ntxmi
warning: main.tex:26: Requested font "ntxmi7" at 7.3pt
warning: main.tex:26:  -> ntxmi7
warning: main.tex:26: Requested font "ntxmi5" at 5.5pt
warning: main.tex:26:  -> ntxmi5
warning: main.tex:26: Requested font "ntxsy" at 10.0pt
warning: main.tex:26:  -> ntxsy
warning: main.tex:26: Requested font "ntxsy7" at 7.3pt
warning: main.tex:26:  -> ntxsy7
warning: main.tex:26: Requested font "ntxsy5" at 5.5pt
warning: main.tex:26:  -> ntxsy5
warning: main.tex:26: Requested font "ntxexx" at 10.0pt
warning: main.tex:26:  -> ntxexx
warning: main.tex:26: Requested font "ntxexx" at 7.3pt
warning: main.tex:26:  -> ntxexx
warning: main.tex:26: Requested font "ntxexx" at 5.5pt
warning: main.tex:26:  -> ntxexx
warning: main.tex:26: Requested font "msam10" at 10.0pt
warning: main.tex:26:  -> msam10
warning: main.tex:26: Requested font "msam7" at 7.3pt
warning: main.tex:26:  -> msam7
warning: main.tex:26: Requested font "msam5" at 5.5pt
warning: main.tex:26:  -> msam5
warning: main.tex:26: Requested font "msbm10" at 10.0pt
warning: main.tex:26:  -> msbm10
warning: main.tex:26: Requested font "msbm7" at 7.3pt
warning: main.tex:26:  -> msbm7
warning: main.tex:26: Requested font "msbm5" at 5.5pt
warning: main.tex:26:  -> msbm5
warning: main.tex:26: Requested font "ntxmia" at 10.0pt
warning: main.tex:26:  -> ntxmia
warning: main.tex:26: Requested font "ntxmia" at 7.3pt
warning: main.tex:26:  -> ntxmia
warning: main.tex:26: Requested font "ntxmia" at 5.5pt
warning: main.tex:26:  -> ntxmia
warning: main.tex:26: Requested font "ntxsym" at 10.0pt
warning: main.tex:26:  -> ntxsym
warning: main.tex:26: Requested font "ntxsym" at 7.3pt
warning: main.tex:26:  -> ntxsym
warning: main.tex:26: Requested font "ntxsym" at 5.5pt
warning: main.tex:26:  -> ntxsym
warning: main.tex:26: Requested font "ntxsyc" at 10.0pt
warning: main.tex:26:  -> ntxsyc
warning: main.tex:26: Requested font "ntxsyc" at 7.3pt
warning: main.tex:26:  -> ntxsyc
warning: main.tex:26: Requested font "ntxsyc" at 5.5pt
warning: main.tex:26:  -> ntxsyc
warning: main.tex:26: Requested font "ntxexa" at 10.0pt
warning: main.tex:26:  -> ntxexa
warning: main.tex:26: Requested font "ntxexa" at 7.3pt
warning: main.tex:26:  -> ntxexa
warning: main.tex:26: Requested font "ntxexa" at 5.5pt
warning: main.tex:26:  -> ntxexa
warning: main.tex:27: Requested font "[lmmono10-regular]:" at 10.95pt
warning: main.tex:29: Requested font "[TeXGyreTermesX-Bold.otf]/OT:script=latn;language=dflt;-ss05;+tnum;+lnum;mapping=tex-text;" at 10.95pt
warning: main.tex:32: Requested font "[TeXGyreTermesX-Regular.otf]/OT:script=latn;language=dflt;-ss05;+tnum;+lnum;mapping=tex-text;" at 14.4pt
warning: main.tex:32: Requested font "[TeXGyreTermesX-Bold.otf]/OT:script=latn;language=dflt;-ss05;+tnum;+lnum;mapping=tex-text;" at 14.4pt
warning: main.tex:53: Requested font "[TeXGyreTermesX-Bold.otf]/OT:script=latn;language=dflt;-ss05;+tnum;+lnum;mapping=tex-text;" at 12.0pt
warning: main.tex:70: Requested font "[TeXGyreTermesX-Bold.otf]/OT:script=latn;language=dflt;-ss05;+tnum;+lnum;mapping=tex-text;" at 10.0pt
warning: main.tex:111: Requested font "[TeXGyreTermesX-Italic.otf]/OT:script=latn;language=dflt;-ss05;+tnum;+lnum;mapping=tex-text;" at 10.95pt
warning: main.tex:361: Underfull \hbox (badness 1314) in paragraph at lines 361--361
warning: main.tex:361: Underfull \hbox (badness 7451) in paragraph at lines 361--361
warning: main.tex:450: Requested font "[lmmono10-regular]:" at 10.0pt
warning: main.tex:477: Underfull \hbox (badness 1496) in paragraph at lines 476--477
warning: main.bbl:12:
Requested font "[lmmono9-regular]:" at 9.0pt
warning: main.bbl:12: Requested font "ntx-Regular-tlf-ot1" at 9.0pt
warning: main.bbl:12:  -> ntx-Regular-tlf-ot1
warning: main.bbl:12: Requested font "ntxmi" at 9.0pt
warning: main.bbl:12:  -> ntxmi
warning: main.bbl:12: Requested font "ntxsy" at 9.0pt
warning: main.bbl:12:  -> ntxsy
warning: main.bbl:12: Requested font "ntxexx" at 9.0pt
warning: main.bbl:12:  -> ntxexx
warning: main.bbl:12: Requested font "msam10" at 9.0pt
warning: main.bbl:12:  -> msam10
warning: main.bbl:12: Requested font "msbm10" at 9.0pt
warning: main.bbl:12:  -> msbm10
warning: main.bbl:12: Requested font "ntxmia" at 9.0pt
warning: main.bbl:12:  -> ntxmia
warning: main.bbl:12: Requested font "ntxsym" at 9.0pt
warning: main.bbl:12:  -> ntxsym
warning: main.bbl:12: Requested font "ntxsyc" at 9.0pt
warning: main.bbl:12:  -> ntxsyc
warning: main.bbl:12: Requested font "ntxexa" at 9.0pt
warning: main.bbl:12:  -> ntxexa
warning: main.bbl:32: Requested font "[TeXGyreTermesX-Italic.otf]/OT:script=latn;language=dflt;-ss05;+tnum;+lnum;mapping=tex-text;" at 9.0pt
warning: main.bbl:129: Underfull \hbox (badness 4739) in paragraph at lines 122--129
warning: main.bbl:129: Underfull \hbox (badness 7796) in paragraph at lines 122--129
note: Rerunning TeX because "main.aux" changed ...
warning: hyperref.sty:4873: Requested font "pzdr" at 0.00002pt
warning: hyperref.sty:4873:  -> pzdr
warning: main.tex:20:
Requested font "[TeXGyreTermesX-Regular.otf]/OT" at 10.94997pt
warning: main.tex:20: Requested font "[TeXGyreTermesX-Regular.otf]/OT" at 10.95003pt
warning: main.tex:20: Requested font "[TeXGyreTermesX-Regular.otf]/OT:script=latn;language=dflt;" at 10.95003pt
warning: main.tex:20: Requested font "[TeXGyreTermesX-Bold.otf]/OT:script=latn;language=dflt;" at 10.95003pt
warning: main.tex:20: Requested font "[TeXGyreTermesX-Italic.otf]/OT:script=latn;language=dflt;" at 10.95003pt
warning: main.tex:20: Requested font "[TeXGyreTermesX-Slanted.otf]/OT:script=latn;language=dflt;" at 10.95003pt
warning: main.tex:20: Requested font "[TeXGyreTermesX-BoldItalic.otf]/OT:script=latn;language=dflt;" at 10.95003pt
warning: main.tex:20: Requested font "[TeXGyreTermesX-BoldSlanted.otf]/OT:script=latn;language=dflt;" at 10.95003pt
warning: main.tex:20: Requested font "[TeXGyreTermesX-Regular.otf]/OT:script=latn;language=dflt;-ss05;+tnum;+lnum;mapping=tex-text;" at 10.95pt
warning: main.tex:21: Requested font "[TeXGyreTermesX-Regular.otf]/OT:script=latn;language=dflt;-ss05;+tnum;+lnum;mapping=tex-text;" at 10.0pt
warning: main.tex:21: Requested font "[lmsans10-regular]:mapping=tex-text;" at 10.0pt
warning: main.tex:23: Requested font "[TeXGyreTermesX-Regular.otf]/OT:script=latn;language=dflt;-ss05;+tnum;+lnum;mapping=tex-text;" at 24.0pt
warning: main.tex:23: Requested font "[TeXGyreTermesX-Bold.otf]/OT:script=latn;language=dflt;-ss05;+tnum;+lnum;mapping=tex-text;" at 24.0pt
warning: main.tex:24: Requested font "[TeXGyreTermesX-Regular.otf]/OT:script=latn;language=dflt;-ss05;+tnum;+lnum;mapping=tex-text;" at 12.0pt
warning: main.tex:25: Requested font "[TeXGyreTermesX-Regular.otf]/OT:script=latn;language=dflt;-ss05;+tnum;+lnum;+sups;mapping=tex-text;" at 10.95pt
warning: main.tex:25: Requested font "[TeXGyreTermesX-Regular.otf]/OT:script=latn;language=dflt;-ss05;+tnum;+lnum;mapping=tex-text;" at 9.0pt
warning: main.tex:25: Requested font "[TeXGyreTermesX-Regular.otf]/OT" at 8.99997pt
warning: main.tex:25: Requested font "[TeXGyreTermesX-Regular.otf]/OT:script=latn;language=dflt;" at 9.00003pt
warning: main.tex:25: Requested font "[TeXGyreTermesX-Regular.otf]/OT:script=latn;language=dflt;-ss05;+tnum;+lnum;+sups;mapping=tex-text;" at 9.0pt
warning: main.tex:25:
Requested font "ntx-Regular-tlf-ot1" at 10.95pt
warning: main.tex:25:  -> ntx-Regular-tlf-ot1
warning: main.tex:25: Requested font "ntx-Regular-tlf-ot1" at 8.0pt
warning: main.tex:25:  -> ntx-Regular-tlf-ot1
warning: main.tex:25: Requested font "ntx-Regular-tlf-ot1" at 6.1pt
warning: main.tex:25:  -> ntx-Regular-tlf-ot1
warning: main.tex:25: Requested font "ntxmi" at 10.95pt
warning: main.tex:25:  -> ntxmi
warning: main.tex:25: Requested font "ntxmi7" at 8.0pt
warning: main.tex:25:  -> ntxmi7
warning: main.tex:25: Requested font "ntxmi5" at 6.1pt
warning: main.tex:25:  -> ntxmi5
warning: main.tex:25: Requested font "ntxsy" at 10.95pt
warning: main.tex:25:  -> ntxsy
warning: main.tex:25: Requested font "ntxsy7" at 8.0pt
warning: main.tex:25:  -> ntxsy7
warning: main.tex:25: Requested font "ntxsy5" at 6.1pt
warning: main.tex:25:  -> ntxsy5
warning: main.tex:25: Requested font "ntxexx" at 10.95pt
warning: main.tex:25:  -> ntxexx
warning: main.tex:25: Requested font "ntxexx" at 8.0pt
warning: main.tex:25:  -> ntxexx
warning: main.tex:25: Requested font "ntxexx" at 6.1pt
warning: main.tex:25:  -> ntxexx
warning: main.tex:25:
Requested font "msam10" at 10.95pt
warning: main.tex:25:  -> msam10
warning: main.tex:25:
Requested font "msam10" at 8.0pt
warning: main.tex:25:  -> msam10
warning: main.tex:25: Requested font "msam7" at 6.1pt
warning: main.tex:25:  -> msam7
warning: main.tex:25:
Requested font "msbm10" at 10.95pt
warning: main.tex:25:  -> msbm10
warning: main.tex:25:
Requested font "msbm10" at 8.0pt
warning: main.tex:25:  -> msbm10
warning: main.tex:25: Requested font "msbm7" at 6.1pt
warning: main.tex:25:  -> msbm7
warning: main.tex:25:
Requested font "ntxmia" at 10.95pt
warning: main.tex:25:  -> ntxmia
warning: main.tex:25: Requested font "ntxmia" at 8.0pt
warning: main.tex:25:  -> ntxmia
warning: main.tex:25: Requested font "ntxmia" at 6.1pt
warning: main.tex:25:  -> ntxmia
warning: main.tex:25:
Requested font "ntxsym" at 10.95pt
warning: main.tex:25:  -> ntxsym
warning: main.tex:25: Requested font "ntxsym" at 8.0pt
warning: main.tex:25:  -> ntxsym
warning: main.tex:25: Requested font "ntxsym" at 6.1pt
warning: main.tex:25:  -> ntxsym
warning: main.tex:25:
Requested font "ntxsyc" at 10.95pt
warning: main.tex:25:  -> ntxsyc
warning: main.tex:25: Requested font "ntxsyc" at 8.0pt
warning: main.tex:25:  -> ntxsyc
warning: main.tex:25: Requested font "ntxsyc" at 6.1pt
warning: main.tex:25:  -> ntxsyc
warning: main.tex:25: Requested font "ntxexa" at 10.95pt
warning: main.tex:25:  -> ntxexa
warning: main.tex:25: Requested font "ntxexa" at 8.0pt
warning: main.tex:25:  -> ntxexa
warning: main.tex:25: Requested font "ntxexa" at 6.1pt
warning: main.tex:25:  -> ntxexa
warning: main.tex:26: Requested font "ntx-Regular-tlf-ot1" at 10.0pt
warning: main.tex:26:  -> ntx-Regular-tlf-ot1
warning: main.tex:26: Requested font "ntx-Regular-tlf-ot1" at 7.3pt
warning: main.tex:26:  -> ntx-Regular-tlf-ot1
warning: main.tex:26: Requested font "ntx-Regular-tlf-ot1" at 5.5pt
warning: main.tex:26:  -> ntx-Regular-tlf-ot1
warning: main.tex:26: Requested font "ntxmi" at 10.0pt
warning: main.tex:26:  -> ntxmi
warning: main.tex:26: Requested font "ntxmi7" at 7.3pt
warning: main.tex:26:  -> ntxmi7
warning: main.tex:26: Requested font "ntxmi5" at 5.5pt
warning: main.tex:26:  -> ntxmi5
warning: main.tex:26: Requested font "ntxsy" at 10.0pt
warning: main.tex:26:  -> ntxsy
warning: main.tex:26: Requested font "ntxsy7" at 7.3pt
warning: main.tex:26:  -> ntxsy7
warning: main.tex:26: Requested font "ntxsy5" at 5.5pt
warning: main.tex:26:  -> ntxsy5
warning: main.tex:26: Requested font "ntxexx" at 10.0pt
warning: main.tex:26:  -> ntxexx
warning: main.tex:26: Requested font "ntxexx" at 7.3pt
warning: main.tex:26:  -> ntxexx
warning: main.tex:26: Requested font "ntxexx" at 5.5pt
warning: main.tex:26:  -> ntxexx
warning: main.tex:26: Requested font "msam10" at 10.0pt
warning: main.tex:26:  -> msam10
warning: main.tex:26: Requested font "msam7" at 7.3pt
warning: main.tex:26:  -> msam7
warning: main.tex:26: Requested font "msam5" at 5.5pt
warning: main.tex:26:  -> msam5
warning: main.tex:26: Requested font "msbm10" at 10.0pt
warning: main.tex:26:  -> msbm10
warning: main.tex:26: Requested font "msbm7" at 7.3pt
warning: main.tex:26:  -> msbm7
warning: main.tex:26: Requested font "msbm5" at 5.5pt
warning: main.tex:26:  -> msbm5
warning: main.tex:26: Requested font "ntxmia" at 10.0pt
warning: main.tex:26:  -> ntxmia
warning: main.tex:26: Requested font "ntxmia" at 7.3pt
warning: main.tex:26:  -> ntxmia
warning: main.tex:26: Requested font "ntxmia" at 5.5pt
warning: main.tex:26:  -> ntxmia
warning: main.tex:26: Requested font "ntxsym" at 10.0pt
warning: main.tex:26:  -> ntxsym
warning: main.tex:26: Requested font "ntxsym" at 7.3pt
warning: main.tex:26:  -> ntxsym
warning: main.tex:26: Requested font "ntxsym" at 5.5pt
warning: main.tex:26:  -> ntxsym
warning: main.tex:26: Requested font "ntxsyc" at 10.0pt
warning: main.tex:26:  -> ntxsyc
warning: main.tex:26: Requested font "ntxsyc" at 7.3pt
warning: main.tex:26:  -> ntxsyc
warning: main.tex:26: Requested font "ntxsyc" at 5.5pt
warning: main.tex:26:  -> ntxsyc
warning: main.tex:26: Requested font "ntxexa" at 10.0pt
warning: main.tex:26:  -> ntxexa
warning: main.tex:26: Requested font "ntxexa" at 7.3pt
warning: main.tex:26:  -> ntxexa
warning: main.tex:26: Requested font "ntxexa" at 5.5pt
warning: main.tex:26:  -> ntxexa
warning: main.tex:27: Requested font "[lmmono10-regular]:" at 10.95pt
warning: main.tex:29: Requested font "[TeXGyreTermesX-Bold.otf]/OT:script=latn;language=dflt;-ss05;+tnum;+lnum;mapping=tex-text;" at 10.95pt
warning: main.tex:32: Requested font "[TeXGyreTermesX-Regular.otf]/OT:script=latn;language=dflt;-ss05;+tnum;+lnum;mapping=tex-text;" at 14.4pt
warning: main.tex:32: Requested font "[TeXGyreTermesX-Bold.otf]/OT:script=latn;language=dflt;-ss05;+tnum;+lnum;mapping=tex-text;" at 14.4pt
warning: main.tex:53: Requested font "[TeXGyreTermesX-Bold.otf]/OT:script=latn;language=dflt;-ss05;+tnum;+lnum;mapping=tex-text;" at 12.0pt
warning: main.tex:70: Requested font "[TeXGyreTermesX-Bold.otf]/OT:script=latn;language=dflt;-ss05;+tnum;+lnum;mapping=tex-text;" at 10.0pt
warning: main.tex:111: Requested font "[TeXGyreTermesX-Italic.otf]/OT:script=latn;language=dflt;-ss05;+tnum;+lnum;mapping=tex-text;" at 10.95pt
warning: main.tex:361: Underfull \hbox (badness 1314) in paragraph at lines 361--361
warning: main.tex:361: Underfull \hbox (badness 7451) in paragraph at lines 361--361
warning: main.tex:450:
Requested font "[lmmono10-regular]:" at 10.0pt
warning: main.tex:477: Underfull \hbox (badness 1496) in paragraph at lines 476--477
warning: main.bbl:12:
Requested font "[lmmono9-regular]:" at 9.0pt
warning: main.bbl:12: Requested font "ntx-Regular-tlf-ot1" at 9.0pt
warning: main.bbl:12:  -> ntx-Regular-tlf-ot1
warning: main.bbl:12: Requested font "ntxmi" at 9.0pt
warning: main.bbl:12:  -> ntxmi
warning: main.bbl:12: Requested font "ntxsy" at 9.0pt
warning: main.bbl:12:  -> ntxsy
warning: main.bbl:12: Requested font "ntxexx" at 9.0pt
warning: main.bbl:12:  -> ntxexx
warning: main.bbl:12: Requested font "msam10" at 9.0pt
warning: main.bbl:12:  -> msam10
warning: main.bbl:12: Requested font "msbm10" at 9.0pt
warning: main.bbl:12:  -> msbm10
warning: main.bbl:12: Requested font "ntxmia" at 9.0pt
warning: main.bbl:12:  -> ntxmia
warning: main.bbl:12: Requested font "ntxsym" at 9.0pt
warning: main.bbl:12:  -> ntxsym
warning: main.bbl:12: Requested font "ntxsyc" at 9.0pt
warning: main.bbl:12:  -> ntxsyc
warning: main.bbl:12: Requested font "ntxexa" at 9.0pt
warning: main.bbl:12:  -> ntxexa
warning: main.bbl:32: Requested font "[TeXGyreTermesX-Italic.otf]/OT:script=latn;language=dflt;-ss05;+tnum;+lnum;mapping=tex-text;" at 9.0pt
warning: main.bbl:129: Underfull \hbox (badness 4739) in paragraph at lines 122--129
warning: main.bbl:129: Underfull \hbox (badness 7796) in paragraph at lines 122--129
warning: warnings were issued by the TeX engine; use --print and/or --keep-logs for details.
note: Running xdvipdfmx ...
note: Writing `build/main.log` (46.2158203125 KiB)
note: Writing `build/main.blg` (194 B)
note: Writing `build/main.pdf` (369.1455078125 KiB)
note: Skipped writing 3 intermediate files (use --keep-intermediates to keep them)
